// Jest Snapshot v1, https://goo.gl/fbAQLP

exports[`renders correctly 1`] = `
<DocumentFragment>
  <div
    class="hero-bg"
  >
    <div
      class="hero container p-relative"
    >
      <div>
        <img
          alt="Bullsfirst Logo"
          class="hero-img"
          src="bullsfirst-logo.svg"
        />
        <h1
          class="title"
        >
          Get better results with Bullsfirst at the helm of your portfolio.
        </h1>
      </div>
      <div
        class="hero-btn"
      >
        <button
          class="button button--filled button--primary"
        >
           Sign In
        </button>
      </div>
      <div
        class="popsicle-container"
      >
        <img
          alt="Popsicle"
          src="popsicle.png"
        />
      </div>
    </div>
  </div>
</DocumentFragment>
`;
